node.exe : ⚠ Warning: 
Next.js inferred your 
workspace root, but 
it may not be correct.
At C:\Users\tyler\AppD
ata\Local\fnm_multishe
lls\1588_1770527495971
\npx.ps1:16 char:5
+     & 
"$basedir/node$exe"  "
$basedir/node_modules/
npm/bin/npx-cli.js" 
...
+     ~~~~~~~~~~~~~~~~
~~~~~~~~~~~~~~~~~~~~~~
~~~~~~~~~~~~~~~~~~~~~~
~~~~~
    + CategoryInfo    
          : NotSpeci  
  fied: (⚠ Warning:   
  Next...not be co    
rrect.:String) []    
, RemoteException
    + FullyQualifiedE 
   rrorId : NativeCo  
  mmandError
 
 We detected multiple 
lockfiles and 
selected the 
directory of C:\Users\
tyler\package-lock.jso
n as the root 
directory.
 To silence this 
warning, set 
`turbopack.root` in 
your Next.js config, 
or consider removing 
one of the lockfiles 
if it's not needed.
   See https://nextjs.
org/docs/app/api-refer
ence/config/next-confi
g-js/turbopack#root-di
rectory for more 
information.
 Detected additional 
lockfiles: 
   * C:\Users\tyler\Do
cuments\softcrylic\MDF
_simulator\package-loc
k.json

▲ Next.js 16.1.6 (Turbopack)
- Environments: .env.local, .env
- Experiments (use with caution):
  · serverActions

  Creating an optimized production build ...
✓ Compiled successfully in 6.9s
  Running TypeScript ...
Failed to compile.

./src/components/canva
s/MdfNode.tsx:153:36
Type error: Type 
'string' is not 
assignable to type 
'never'.

[0m [90m 151 |[39m 
                    
isGap [33m&&[39m 
[32m'opacity-60'[39m
 [90m 152 |[39m     
            
)}[33m>[39m
[31m[1m>[22m[39m[
90m 153 |[39m        
             [33m<[3
9m[33mIconComponent[
39m className[33m=[3
9m{cn([32m'w-6 
h-6'[39m[33m,[39m t
heme[33m.[39micon)} 
[33m/[39m[33m>[39m
 [90m     |[39m     
                      
         
[31m[1m^[22m[39m
 [90m 154 |[39m     
            [33m<[39
m[33m/[39m[33mdiv[
39m[33m>[39m
 [90m 155 |[39m
 [90m 156 |[39m     
            {[90m/* 
Content */[39m}[0m
Next.js build worker 
exited with code: 1 
and signal: null
