src/components/canvas/Inspector.tsx(240,64): error TS2322: Type 'string' is not assignable to type 'never'.
src/components/canvas/MdfNode.tsx(153,36): error TS2322: Type 'string' is not assignable to type 'never'.
