src/app/share/[shareId]/page.tsx(119,21): error TS2322: Type '{ type: string; draggable: boolean; selectable: boolean; id: string; position: { x: number; y: number; }; data: MdfNodeData; }[]' is not assignable to type 'Node[]'.
  Type '{ type: string; draggable: boolean; selectable: boolean; id: string; position: { x: number; y: number; }; data: MdfNodeData; }' is not assignable to type 'Node'.
    Type '{ type: string; draggable: boolean; selectable: boolean; id: string; position: { x: number; y: number; }; data: MdfNodeData; }' is not assignable to type '{ id: string; position: XYPosition; data: Record<string, unknown>; sourcePosition?: Position | undefined; targetPosition?: Position | undefined; ... 19 more ...; measured?: { ...; } | undefined; }'.
      Types of property 'data' are incompatible.
        Type 'MdfNodeData' is not assignable to type 'Record<string, unknown>'.
          Index signature for type 'string' is missing in type 'MdfNodeData'.
src/app/share/[shareId]/page.tsx(121,21): error TS2322: Type '{ mdfNode: MemoExoticComponent<({ data, selected }: NodeProps<MdfNodeData>) => JSX.Element>; }' is not assignable to type 'NodeTypes'.
  Property 'mdfNode' is incompatible with index signature.
    Type 'MemoExoticComponent<({ data, selected }: NodeProps<MdfNodeData>) => Element>' is not assignable to type 'ComponentType<Pick<Node<Record<string, unknown>, string | undefined>, "data" | "height" | "width" | "id" | "sourcePosition" | "targetPosition" | "dragHandle" | "parentId"> & Required<...> & { ...; } & { ...; }>'.
      Type 'MemoExoticComponent<({ data, selected }: NodeProps<MdfNodeData>) => Element>' is not assignable to type 'FunctionComponent<Pick<Node<Record<string, unknown>, string | undefined>, "data" | "height" | "width" | "id" | "sourcePosition" | "targetPosition" | "dragHandle" | "parentId"> & Required<...> & { ...; } & { ...; }>'.
        Types of parameters 'props' and 'props' are incompatible.
          Type 'Pick<Node<Record<string, unknown>, string | undefined>, "data" | "height" | "width" | "id" | "sourcePosition" | "targetPosition" | "dragHandle" | "parentId"> & Required<...> & { ...; } & { ...; }' is not assignable to type 'Pick<MdfNodeData, "data" | "height" | "width" | "id" | "sourcePosition" | "targetPosition" | "dragHandle" | "parentId"> & Required<Pick<MdfNodeData, "zIndex" | ... 5 more ... | "deletable">> & { ...; }'.
            Type 'Pick<Node<Record<string, unknown>, string | undefined>, "data" | "height" | "width" | "id" | "sourcePosition" | "targetPosition" | "dragHandle" | "parentId"> & Required<...> & { ...; } & { ...; }' is not assignable to type 'Pick<MdfNodeData, "data" | "height" | "width" | "id" | "sourcePosition" | "targetPosition" | "dragHandle" | "parentId">'.
              Property 'height' is optional in type 'Pick<Node<Record<string, unknown>, string | undefined>, "data" | "height" | "width" | "id" | "sourcePosition" | "targetPosition" | "dragHandle" | "parentId"> & Required<...> & { ...; } & { ...; }' but required in type 'Pick<MdfNodeData, "data" | "height" | "width" | "id" | "sourcePosition" | "targetPosition" | "dragHandle" | "parentId">'.
src/app/simulator/[projectId]/page.tsx(88,27): error TS2345: Argument of type 'GeneratedGraph' is not assignable to parameter of type 'GraphData'.
  Types of property 'nodes' are incompatible.
    Type 'Node<MdfNodeData>[]' is not assignable to type '{ id: string; type: string; position: { x: number; y: number; }; data: MdfNodeData; }[]'.
      Type 'Node<MdfNodeData>' is not assignable to type '{ id: string; type: string; position: { x: number; y: number; }; data: MdfNodeData; }'.
        Types of property 'type' are incompatible.
          Type 'string | undefined' is not assignable to type 'string'.
            Type 'undefined' is not assignable to type 'string'.
src/app/simulator/[projectId]/page.tsx(98,31): error TS2345: Argument of type 'GeneratedGraph' is not assignable to parameter of type 'GraphData'.
  Types of property 'nodes' are incompatible.
    Type 'Node<MdfNodeData>[]' is not assignable to type '{ id: string; type: string; position: { x: number; y: number; }; data: MdfNodeData; }[]'.
      Type 'Node<MdfNodeData>' is not assignable to type '{ id: string; type: string; position: { x: number; y: number; }; data: MdfNodeData; }'.
        Types of property 'type' are incompatible.
          Type 'string | undefined' is not assignable to type 'string'.
            Type 'undefined' is not assignable to type 'string'.
src/app/simulator/[projectId]/page.tsx(167,21): error TS2322: Type 'Node<MdfNodeData>[]' is not assignable to type 'Node[]'.
  Type 'Node<MdfNodeData>' is not assignable to type 'Node'.
    Type 'Node<MdfNodeData>' is not assignable to type '{ id: string; position: XYPosition; data: Record<string, unknown>; sourcePosition?: Position | undefined; targetPosition?: Position | undefined; ... 19 more ...; measured?: { ...; } | undefined; }'.
      Types of property 'data' are incompatible.
        Type 'MdfNodeData' is not assignable to type 'Record<string, unknown>'.
          Index signature for type 'string' is missing in type 'MdfNodeData'.
src/app/simulator/[projectId]/page.tsx(169,21): error TS2322: Type '(changes: NodeChange<Node<MdfNodeData>>[]) => void' is not assignable to type 'OnNodesChange<Node>'.
  Types of parameters 'changes' and 'changes' are incompatible.
    Type 'NodeChange<Node>[]' is not assignable to type 'NodeChange<Node<MdfNodeData>>[]'.
      Type 'NodeChange<Node>' is not assignable to type 'NodeChange<Node<MdfNodeData>>'.
        Type 'NodeAddChange<Node>' is not assignable to type 'NodeChange<Node<MdfNodeData>>'.
          Type 'NodeAddChange<Node>' is not assignable to type 'NodeAddChange<Node<MdfNodeData>>'.
            Type 'Node' is not assignable to type 'Node<MdfNodeData>'.
              Type 'Node' is not assignable to type '{ id: string; position: XYPosition; data: MdfNodeData; sourcePosition?: Position | undefined; targetPosition?: Position | undefined; ... 19 more ...; measured?: { ...; } | undefined; }'.
                Types of property 'data' are incompatible.
                  Type 'Record<string, unknown>' is missing the following properties from type 'MdfNodeData': catalogId, label, category
src/app/simulator/[projectId]/page.tsx(176,21): error TS2322: Type '{ mdfNode: MemoExoticComponent<({ data, selected }: NodeProps<MdfNodeData>) => JSX.Element>; }' is not assignable to type 'NodeTypes'.
  Property 'mdfNode' is incompatible with index signature.
    Type 'MemoExoticComponent<({ data, selected }: NodeProps<MdfNodeData>) => Element>' is not assignable to type 'ComponentType<Pick<Node<Record<string, unknown>, string | undefined>, "data" | "height" | "width" | "id" | "sourcePosition" | "targetPosition" | "dragHandle" | "parentId"> & Required<...> & { ...; } & { ...; }>'.
      Type 'MemoExoticComponent<({ data, selected }: NodeProps<MdfNodeData>) => Element>' is not assignable to type 'FunctionComponent<Pick<Node<Record<string, unknown>, string | undefined>, "data" | "height" | "width" | "id" | "sourcePosition" | "targetPosition" | "dragHandle" | "parentId"> & Required<...> & { ...; } & { ...; }>'.
        Types of parameters 'props' and 'props' are incompatible.
          Type 'Pick<Node<Record<string, unknown>, string | undefined>, "data" | "height" | "width" | "id" | "sourcePosition" | "targetPosition" | "dragHandle" | "parentId"> & Required<...> & { ...; } & { ...; }' is not assignable to type 'Pick<MdfNodeData, "data" | "height" | "width" | "id" | "sourcePosition" | "targetPosition" | "dragHandle" | "parentId"> & Required<Pick<MdfNodeData, "zIndex" | ... 5 more ... | "deletable">> & { ...; }'.
            Type 'Pick<Node<Record<string, unknown>, string | undefined>, "data" | "height" | "width" | "id" | "sourcePosition" | "targetPosition" | "dragHandle" | "parentId"> & Required<...> & { ...; } & { ...; }' is not assignable to type 'Pick<MdfNodeData, "data" | "height" | "width" | "id" | "sourcePosition" | "targetPosition" | "dragHandle" | "parentId">'.
              Property 'height' is optional in type 'Pick<Node<Record<string, unknown>, string | undefined>, "data" | "height" | "width" | "id" | "sourcePosition" | "targetPosition" | "dragHandle" | "parentId"> & Required<...> & { ...; } & { ...; }' but required in type 'Pick<MdfNodeData, "data" | "height" | "width" | "id" | "sourcePosition" | "targetPosition" | "dragHandle" | "parentId">'.
src/components/canvas/MdfNode.tsx(71,48): error TS2344: Type 'MdfNodeData' does not satisfy the constraint 'Node<Record<string, unknown>, string | undefined>'.
  Type 'MdfNodeData' is missing the following properties from type '{ id: string; position: XYPosition; data: Record<string, unknown>; sourcePosition?: Position | undefined; targetPosition?: Position | undefined; ... 19 more ...; measured?: { ...; } | undefined; }': id, position, data
src/components/canvas/MdfNode.tsx(73,37): error TS18046: 'data' is of type 'unknown'.
src/components/canvas/MdfNode.tsx(76,37): error TS18046: 'data' is of type 'unknown'.
src/components/canvas/MdfNode.tsx(77,10): error TS18046: 'data' is of type 'unknown'.
src/components/canvas/MdfNode.tsx(81,24): error TS18046: 'data' is of type 'unknown'.
src/components/canvas/MdfNode.tsx(85,27): error TS18046: 'data' is of type 'unknown'.
src/components/canvas/MdfNode.tsx(85,70): error TS18046: 'data' is of type 'unknown'.
src/components/canvas/MdfNode.tsx(94,17): error TS7053: Element implicitly has an 'any' type because expression of type 'any' can't be used to index type 'Record<NodeCategory, string>'.
src/components/canvas/MdfNode.tsx(94,32): error TS18046: 'data' is of type 'unknown'.
src/components/canvas/MdfNode.tsx(95,17): error TS2345: Argument of type 'unknown' is not assignable to parameter of type 'ClassValue'.
src/components/canvas/MdfNode.tsx(121,26): error TS18046: 'data' is of type 'unknown'.
src/components/canvas/MdfNode.tsx(124,26): error TS7053: Element implicitly has an 'any' type because expression of type 'any' can't be used to index type 'Record<NodeCategory, { label: string; icon: string; description: string; }>'.
src/components/canvas/MdfNode.tsx(124,39): error TS18046: 'data' is of type 'unknown'.
src/components/canvas/MdfNode.tsx(124,64): error TS18046: 'data' is of type 'unknown'.
src/components/ui/scroll-area.tsx(4,38): error TS2307: Cannot find module '@radix-ui/react-scroll-area' or its corresponding type declarations.
src/lib/diagram-generator.ts(10,17): error TS2344: Type 'MdfNodeData' does not satisfy the constraint 'Record<string, unknown>'.
  Index signature for type 'string' is missing in type 'MdfNodeData'.
src/lib/diagram-generator.ts(124,23): error TS2344: Type 'MdfNodeData' does not satisfy the constraint 'Record<string, unknown>'.
  Index signature for type 'string' is missing in type 'MdfNodeData'.
src/lib/diagram-generator.ts(210,23): error TS2344: Type 'MdfNodeData' does not satisfy the constraint 'Record<string, unknown>'.
  Index signature for type 'string' is missing in type 'MdfNodeData'.
src/lib/layout-engine.ts(30,17): error TS2344: Type 'MdfNodeData' does not satisfy the constraint 'Record<string, unknown>'.
  Index signature for type 'string' is missing in type 'MdfNodeData'.
src/lib/layout-engine.ts(33,17): error TS2344: Type 'MdfNodeData' does not satisfy the constraint 'Record<string, unknown>'.
  Index signature for type 'string' is missing in type 'MdfNodeData'.
src/lib/layout-engine.ts(86,17): error TS2344: Type 'MdfNodeData' does not satisfy the constraint 'Record<string, unknown>'.
  Index signature for type 'string' is missing in type 'MdfNodeData'.
src/lib/layout-engine.ts(88,17): error TS2344: Type 'MdfNodeData' does not satisfy the constraint 'Record<string, unknown>'.
  Index signature for type 'string' is missing in type 'MdfNodeData'.
src/lib/layout-engine.ts(98,17): error TS2344: Type 'MdfNodeData' does not satisfy the constraint 'Record<string, unknown>'.
  Index signature for type 'string' is missing in type 'MdfNodeData'.
src/lib/layout-engine.ts(100,17): error TS2344: Type 'MdfNodeData' does not satisfy the constraint 'Record<string, unknown>'.
  Index signature for type 'string' is missing in type 'MdfNodeData'.
src/lib/validation-engine.ts(9,17): error TS2344: Type 'MdfNodeData' does not satisfy the constraint 'Record<string, unknown>'.
  Index signature for type 'string' is missing in type 'MdfNodeData'.
src/lib/validation-engine.ts(15,41): error TS2344: Type 'MdfNodeData' does not satisfy the constraint 'Record<string, unknown>'.
  Index signature for type 'string' is missing in type 'MdfNodeData'.
src/lib/validation-engine.ts(15,81): error TS2344: Type 'MdfNodeData' does not satisfy the constraint 'Record<string, unknown>'.
  Index signature for type 'string' is missing in type 'MdfNodeData'.
src/lib/validation-engine.ts(20,42): error TS2344: Type 'MdfNodeData' does not satisfy the constraint 'Record<string, unknown>'.
  Index signature for type 'string' is missing in type 'MdfNodeData'.
src/lib/validation-engine.ts(20,83): error TS2344: Type 'MdfNodeData' does not satisfy the constraint 'Record<string, unknown>'.
  Index signature for type 'string' is missing in type 'MdfNodeData'.
src/lib/validation-engine.ts(28,17): error TS2344: Type 'MdfNodeData' does not satisfy the constraint 'Record<string, unknown>'.
  Index signature for type 'string' is missing in type 'MdfNodeData'.
src/lib/validation-engine.ts(58,17): error TS2344: Type 'MdfNodeData' does not satisfy the constraint 'Record<string, unknown>'.
  Index signature for type 'string' is missing in type 'MdfNodeData'.
src/lib/validation-engine.ts(274,17): error TS2344: Type 'MdfNodeData' does not satisfy the constraint 'Record<string, unknown>'.
  Index signature for type 'string' is missing in type 'MdfNodeData'.
src/lib/validation-engine.ts(303,17): error TS2344: Type 'MdfNodeData' does not satisfy the constraint 'Record<string, unknown>'.
  Index signature for type 'string' is missing in type 'MdfNodeData'.
src/store/canvas-store.ts(19,17): error TS2344: Type 'MdfNodeData' does not satisfy the constraint 'Record<string, unknown>'.
  Index signature for type 'string' is missing in type 'MdfNodeData'.
src/store/canvas-store.ts(25,17): error TS2344: Type 'MdfNodeData' does not satisfy the constraint 'Record<string, unknown>'.
  Index signature for type 'string' is missing in type 'MdfNodeData'.
src/store/canvas-store.ts(34,28): error TS2344: Type 'MdfNodeData' does not satisfy the constraint 'Record<string, unknown>'.
  Index signature for type 'string' is missing in type 'MdfNodeData'.
src/store/canvas-store.ts(36,41): error TS2344: Type 'Node<MdfNodeData>' does not satisfy the constraint 'NodeBase'.
  Type 'Node<MdfNodeData>' is not assignable to type '{ id: string; position: XYPosition; data: Record<string, unknown>; sourcePosition?: Position | undefined; targetPosition?: Position | undefined; ... 19 more ...; measured?: { ...; } | undefined; }'.
    Types of property 'data' are incompatible.
      Type 'MdfNodeData' is not assignable to type 'Record<string, unknown>'.
        Index signature for type 'string' is missing in type 'MdfNodeData'.
src/store/canvas-store.ts(36,46): error TS2344: Type 'MdfNodeData' does not satisfy the constraint 'Record<string, unknown>'.
  Index signature for type 'string' is missing in type 'MdfNodeData'.
src/store/canvas-store.ts(77,13): error TS2322: Type 'Node[]' is not assignable to type 'Node<MdfNodeData>[]'.
  Type 'Node' is not assignable to type 'Node<MdfNodeData>'.
    Type 'Node' is not assignable to type '{ id: string; position: XYPosition; data: MdfNodeData; sourcePosition?: Position | undefined; targetPosition?: Position | undefined; ... 19 more ...; measured?: { ...; } | undefined; }'.
      Types of property 'data' are incompatible.
        Type 'Record<string, unknown>' is missing the following properties from type 'MdfNodeData': catalogId, label, category
src/store/canvas-store.ts(77,37): error TS2345: Argument of type 'NodeChange<Node<MdfNodeData>>[]' is not assignable to parameter of type 'NodeChange<Node>[]'.
  Type 'NodeChange<Node<MdfNodeData>>' is not assignable to type 'NodeChange<Node>'.
    Type 'NodeAddChange<Node<MdfNodeData>>' is not assignable to type 'NodeChange<Node>'.
      Type 'NodeAddChange<Node<MdfNodeData>>' is not assignable to type 'NodeAddChange<Node>'.
        Type 'Node<MdfNodeData>' is not assignable to type 'Node'.
          Type 'Node<MdfNodeData>' is not assignable to type '{ id: string; position: XYPosition; data: Record<string, unknown>; sourcePosition?: Position | undefined; targetPosition?: Position | undefined; ... 19 more ...; measured?: { ...; } | undefined; }'.
            Types of property 'data' are incompatible.
              Type 'MdfNodeData' is not assignable to type 'Record<string, unknown>'.
                Index signature for type 'string' is missing in type 'MdfNodeData'.
src/store/canvas-store.ts(95,37): error TS2345: Argument of type 'Edge[]' is not assignable to parameter of type '{ id: string; source: string; target: string; sourceHandle: string | null; targetHandle: string | null; }[]'.
  Type 'Edge' is not assignable to type '{ id: string; source: string; target: string; sourceHandle: string | null; targetHandle: string | null; }'.
    Types of property 'sourceHandle' are incompatible.
      Type 'string | null | undefined' is not assignable to type 'string | null'.
        Type 'undefined' is not assignable to type 'string | null'.
src/store/canvas-store.ts(103,29): error TS2344: Type 'MdfNodeData' does not satisfy the constraint 'Record<string, unknown>'.
  Index signature for type 'string' is missing in type 'MdfNodeData'.
src/store/canvas-store.ts(146,25): error TS2344: Type 'MdfNodeData' does not satisfy the constraint 'Record<string, unknown>'.
  Index signature for type 'string' is missing in type 'MdfNodeData'.
